SQL> select count(pt_id) doc_id from patient group by doc_id;

    DOC_ID                                                                      
----------                                                                      
         5                                                                      
        10                                                                      
         1                                                                      
         1                                                                      
         1                                                                      
         3                                                                      
         1                                                                      

7 rows selected.

SQL> __f
SP2-0042: unknown command "__f" - rest of line ignored.
SQL> //f

    DOC_ID                                                                      
----------                                                                      
         5                                                                      
        10                                                                      
         1                                                                      
         1                                                                      
         1                                                                      
         3                                                                      
         1                                                                      

7 rows selected.

SQL> --tr
SQL> -- how many patient each doctor has , list down their doc_id
SQL> select count(pt_id) doc_id from patient group by doc_ud
  2  ;
select count(pt_id) doc_id from patient group by doc_ud
                                                 *
ERROR at line 1:
ORA-00904: "DOC_UD": invalid identifier 


SQL> select count(pt_id) doc_id from patient group by doc_id;

    DOC_ID                                                                      
----------                                                                      
         5                                                                      
        10                                                                      
         1                                                                      
         1                                                                      
         1                                                                      
         3                                                                      
         1                                                                      

7 rows selected.

SQL> select doc_name , count(pt_id) from doctor, patient where doctor.doc_id = patient.doc_id group by doc_name;

DOC_NAME  COUNT(PT_ID)                                                          
--------- ------------                                                          
Lewis                1                                                          
Harrison             1                                                          
Vester               3                                                          
Cotner               5                                                          
Smith               10                                                          
James                2                                                          

6 rows selected.

SQL> -- show doctor's name and how many patient they have
SQL> -- how many patient doctor smith have
SQL> select doc_name , count(pt_id from doctor, patient where doctor.doc_id = patient.doc_id group by doc_name having doc_name = 'Smith';
select doc_name , count(pt_id from doctor, patient where doctor.doc_id = patient.doc_id group by doc_name having doc_name = 'Smith'
                              *
ERROR at line 1:
ORA-00907: missing right parenthesis 


SQL> select doc_name , count(pt_id from doctor, patient where doctor.doc_id = patient.doc_id group by doc_name having doc_name = 'Smith'
  2  ;
select doc_name , count(pt_id from doctor, patient where doctor.doc_id = patient.doc_id group by doc_name having doc_name = 'Smith'
                              *
ERROR at line 1:
ORA-00907: missing right parenthesis 


SQL> select doc_name , count(pt_id) from doctor, patient where doctor.doc_id = patient.doc_id group by doc_name having doc_name = 'Smith'
  2  ;

DOC_NAME  COUNT(PT_ID)                                                          
--------- ------------                                                          
Smith               10                                                          

SQL> spool off
